console.js:662 Running "spixparkplatz" with {"rootTag":11,"initialProps":{},"fabric":true}
AuthService.ts:273 [AuthService] Setting up auth state listener
AuthService.ts:275 [AuthService] Auth state changed: User: y9lP3xULRBTEeCPCAcOjikxcC8z2
AuthService.ts:293 [AuthService] Calling callback with userData: User: y9lP3xULRBTEeCPCAcOjikxcC8z2
App.tsx:27 [App] Auth state changed callback: User: y9lP3xULRBTEeCPCAcOjikxcC8z2
PushNotificationService.ts:125 FCM Token gespeichert: eNU-QyLSHU2viby3uEKEUB:APA91bG5A1tnhDSBLXn7vPcVnPr68tSbltn1bnlGWf3Wo0zQYewCXvDaOHjLdI4d_GwFHqz97Ys0Vhmp7J_SiTGKW-VYydjBnZtQAbC0uvsbMXRTYHtI8Bg
AuthService.ts:273 [AuthService] Setting up auth state listener
AuthService.ts:275 [AuthService] Auth state changed: User: y9lP3xULRBTEeCPCAcOjikxcC8z2
AuthService.ts:293 [AuthService] Calling callback with userData: User: y9lP3xULRBTEeCPCAcOjikxcC8z2
App.tsx:27 [App] Auth state changed callback: User: y9lP3xULRBTEeCPCAcOjikxcC8z2
PushNotificationService.ts:125 FCM Token gespeichert: eNU-QyLSHU2viby3uEKEUB:APA91bG5A1tnhDSBLXn7vPcVnPr68tSbltn1bnlGWf3Wo0zQYewCXvDaOHjLdI4d_GwFHqz97Ys0Vhmp7J_SiTGKW-VYydjBnZtQAbC0uvsbMXRTYHtI8Bg
ParkingAvailabilityService.ts:88 [Auto-Matching] Creating availability: {facilityCode: 'SPIX!DEVTEST', spotId: '2069', from: '2026-03-05T19:00:00.000Z', until: '2026-03-06T01:00:00.000Z', isRecurring: false, recurrencePattern: undefined, autoOffer: true}
ParkingAvailabilityService.ts:134 [Auto-Matching] Availability created: {availabilityId: 'KpKcpb6msAKLcblfkMNy', facilityCode: 'SPIX!DEVTEST', spotId: '2069', autoOffer: true, willAutoMatch: 'Yes - will automatically create offers for matching requests'}
&platform=ios&dev=true&lazy=true&minify=false&inlineSourceMap=false&modulesOnly=false&runModule=true&excludeSource=true&sourcePaths=url-server&app=com.radisoglou.parkplatz:132402 [Auto-Matching] New offer detected: {offerId: '3ZcYymtSSaEWN233ZNLa', requestId: '4rw6EuvZ4ezWsTN5bs1m', spotId: '2069', offererId: 'y9lP3xULRBTEeCPCAcOjikxcC8z2', from: '2026-03-05T23:00:00.000Z', until: '2026-03-06T01:00:00.000Z', createdAt: '2026-03-05T19:15:30.083Z', timeSinceCreation: '3s', likelyAutoMatch: true}
AvailabilityCard.tsx:153 [AvailabilityCard] Angebote für Parkplatz 2069 {gesamt: 1, angezeigt: 1, storniert: 0, standby: 0, alle: Array(1)}
AvailabilityCard.tsx:153 [AvailabilityCard] Angebote für Parkplatz 2069 {gesamt: 1, angezeigt: 1, storniert: 0, standby: 0, alle: Array(1)}
AvailabilityCard.tsx:153 [AvailabilityCard] Angebote für Parkplatz 2069 {gesamt: 1, angezeigt: 1, storniert: 0, standby: 0, alle: Array(1)}
&platform=ios&dev=true&lazy=true&minify=false&inlineSourceMap=false&modulesOnly=false&runModule=true&excludeSource=true&sourcePaths=url-server&app=com.radisoglou.parkplatz:132402 [Auto-Matching] New offer detected: {offerId: '3ZcYymtSSaEWN233ZNLa', requestId: '4rw6EuvZ4ezWsTN5bs1m', spotId: '2069', offererId: 'y9lP3xULRBTEeCPCAcOjikxcC8z2', from: '2026-03-05T23:00:00.000Z', until: '2026-03-06T01:00:00.000Z', createdAt: '2026-03-05T19:15:30.083Z', timeSinceCreation: '23s', likelyAutoMatch: false}
&platform=ios&dev=true&lazy=true&minify=false&inlineSourceMap=false&modulesOnly=false&runModule=true&excludeSource=true&sourcePaths=url-server&app=com.radisoglou.parkplatz:132402 [Auto-Matching] New offer detected: {offerId: '3ZcYymtSSaEWN233ZNLa', requestId: '4rw6EuvZ4ezWsTN5bs1m', spotId: '2069', offererId: 'y9lP3xULRBTEeCPCAcOjikxcC8z2', from: '2026-03-05T23:00:00.000Z', until: '2026-03-06T01:00:00.000Z', createdAt: '2026-03-05T19:15:30.083Z', timeSinceCreation: '23s', likelyAutoMatch: false}
ParkingAvailabilityService.ts:88 [Auto-Matching] Creating availability: {facilityCode: 'SPIX!DEVTEST', spotId: '2069', from: '2026-03-05T19:00:00.000Z', until: '2026-03-09T00:00:00.000Z', isRecurring: false, recurrencePattern: undefined, autoOffer: true}
ParkingAvailabilityService.ts:134 [Auto-Matching] Availability created: {availabilityId: '5ZRCXDZVmekNHDi2ceod', facilityCode: 'SPIX!DEVTEST', spotId: '2069', autoOffer: true, willAutoMatch: 'Yes - will automatically create offers for matching requests'}
&platform=ios&dev=true&lazy=true&minify=false&inlineSourceMap=false&modulesOnly=false&runModule=true&excludeSource=true&sourcePaths=url-server&app=com.radisoglou.parkplatz:132402 [Auto-Matching] New offer detected: {offerId: 'ueG5JWqseN5WZe2EBHgK', requestId: '4rw6EuvZ4ezWsTN5bs1m', spotId: '2069', offererId: 'y9lP3xULRBTEeCPCAcOjikxcC8z2', from: '2026-03-05T23:00:00.000Z', until: '2026-03-06T03:00:00.000Z', createdAt: '2026-03-05T19:16:11.141Z', timeSinceCreation: '0s', likelyAutoMatch: true}
&platform=ios&dev=true&lazy=true&minify=false&inlineSourceMap=false&modulesOnly=false&runModule=true&excludeSource=true&sourcePaths=url-server&app=com.radisoglou.parkplatz:132402 [Auto-Matching] New offer detected: {offerId: '3ZcYymtSSaEWN233ZNLa', requestId: '4rw6EuvZ4ezWsTN5bs1m', spotId: '2069', offererId: 'y9lP3xULRBTEeCPCAcOjikxcC8z2', from: '2026-03-05T23:00:00.000Z', until: '2026-03-06T01:00:00.000Z', createdAt: '2026-03-05T19:15:30.083Z', timeSinceCreation: '41s', likelyAutoMatch: false}
AvailabilityCard.tsx:153 [AvailabilityCard] Angebote für Parkplatz 2069 {gesamt: 1, angezeigt: 1, storniert: 0, standby: 0, alle: Array(1)}
&platform=ios&dev=true&lazy=true&minify=false&inlineSourceMap=false&modulesOnly=false&runModule=true&excludeSource=true&sourcePaths=url-server&app=com.radisoglou.parkplatz:132402 [Auto-Matching] New offer detected: {offerId: 'ueG5JWqseN5WZe2EBHgK', requestId: '4rw6EuvZ4ezWsTN5bs1m', spotId: '2069', offererId: 'y9lP3xULRBTEeCPCAcOjikxcC8z2', from: '2026-03-05T23:00:00.000Z', until: '2026-03-06T03:00:00.000Z', createdAt: '2026-03-05T19:16:11.141Z', timeSinceCreation: '135s', likelyAutoMatch: false}
&platform=ios&dev=true&lazy=true&minify=false&inlineSourceMap=false&modulesOnly=false&runModule=true&excludeSource=true&sourcePaths=url-server&app=com.radisoglou.parkplatz:132402 [Auto-Matching] New offer detected: {offerId: '3ZcYymtSSaEWN233ZNLa', requestId: '4rw6EuvZ4ezWsTN5bs1m', spotId: '2069', offererId: 'y9lP3xULRBTEeCPCAcOjikxcC8z2', from: '2026-03-05T23:00:00.000Z', until: '2026-03-06T01:00:00.000Z', createdAt: '2026-03-05T19:15:30.083Z', timeSinceCreation: '176s', likelyAutoMatch: false}
&platform=ios&dev=true&lazy=true&minify=false&inlineSourceMap=false&modulesOnly=false&runModule=true&excludeSource=true&sourcePaths=url-server&app=com.radisoglou.parkplatz:132402 [Auto-Matching] New offer detected: {offerId: 'ueG5JWqseN5WZe2EBHgK', requestId: '4rw6EuvZ4ezWsTN5bs1m', spotId: '2069', offererId: 'y9lP3xULRBTEeCPCAcOjikxcC8z2', from: '2026-03-05T23:00:00.000Z', until: '2026-03-06T03:00:00.000Z', createdAt: '2026-03-05T19:16:11.141Z', timeSinceCreation: '135s', likelyAutoMatch: false}
&platform=ios&dev=true&lazy=true&minify=false&inlineSourceMap=false&modulesOnly=false&runModule=true&excludeSource=true&sourcePaths=url-server&app=com.radisoglou.parkplatz:132402 [Auto-Matching] New offer detected: {offerId: '3ZcYymtSSaEWN233ZNLa', requestId: '4rw6EuvZ4ezWsTN5bs1m', spotId: '2069', offererId: 'y9lP3xULRBTEeCPCAcOjikxcC8z2', from: '2026-03-05T23:00:00.000Z', until: '2026-03-06T01:00:00.000Z', createdAt: '2026-03-05T19:15:30.083Z', timeSinceCreation: '176s', likelyAutoMatch: false}
&platform=ios&dev=true&lazy=true&minify=false&inlineSourceMap=false&modulesOnly=false&runModule=true&excludeSource=true&sourcePaths=url-server&app=com.radisoglou.parkplatz:132402 [Auto-Matching] New offer detected: {offerId: 'ueG5JWqseN5WZe2EBHgK', requestId: '4rw6EuvZ4ezWsTN5bs1m', spotId: '2069', offererId: 'y9lP3xULRBTEeCPCAcOjikxcC8z2', from: '2026-03-05T23:00:00.000Z', until: '2026-03-06T03:00:00.000Z', createdAt: '2026-03-05T19:16:11.141Z', timeSinceCreation: '136s', likelyAutoMatch: false}
&platform=ios&dev=true&lazy=true&minify=false&inlineSourceMap=false&modulesOnly=false&runModule=true&excludeSource=true&sourcePaths=url-server&app=com.radisoglou.parkplatz:132402 [Auto-Matching] New offer detected: {offerId: '3ZcYymtSSaEWN233ZNLa', requestId: '4rw6EuvZ4ezWsTN5bs1m', spotId: '2069', offererId: 'y9lP3xULRBTEeCPCAcOjikxcC8z2', from: '2026-03-05T23:00:00.000Z', until: '2026-03-06T01:00:00.000Z', createdAt: '2026-03-05T19:15:30.083Z', timeSinceCreation: '177s', likelyAutoMatch: false}
ParkingRequestsScreen.tsx:696 [Auto-Matching] New offer detected: {offerId: 'ueG5JWqseN5WZe2EBHgK', requestId: '4rw6EuvZ4ezWsTN5bs1m', spotId: '2069', offererId: 'y9lP3xULRBTEeCPCAcOjikxcC8z2', from: '2026-03-05T23:00:00.000Z', until: '2026-03-06T03:00:00.000Z', createdAt: '2026-03-05T19:16:11.141Z', timeSinceCreation: '141s', likelyAutoMatch: false}
ParkingRequestsScreen.tsx:696 [Auto-Matching] New offer detected: {offerId: '3ZcYymtSSaEWN233ZNLa', requestId: '4rw6EuvZ4ezWsTN5bs1m', spotId: '2069', offererId: 'y9lP3xULRBTEeCPCAcOjikxcC8z2', from: '2026-03-05T23:00:00.000Z', until: '2026-03-06T01:00:00.000Z', createdAt: '2026-03-05T19:15:30.083Z', timeSinceCreation: '182s', likelyAutoMatch: false}
PushNotificationService.ts:125 FCM Token gespeichert: eNU-QyLSHU2viby3uEKEUB:APA91bG5A1tnhDSBLXn7vPcVnPr68tSbltn1bnlGWf3Wo0zQYewCXvDaOHjLdI4d_GwFHqz97Ys0Vhmp7J_SiTGKW-VYydjBnZtQAbC0uvsbMXRTYHtI8Bg
ParkingAvailabilityService.ts:88 [Auto-Matching] Creating availability: {facilityCode: 'SPIX!DEVTEST', spotId: '2069', from: '2026-03-05T19:00:00.000Z', until: '2026-03-06T01:00:00.000Z', isRecurring: false, recurrencePattern: undefined, autoOffer: true}
ParkingAvailabilityService.ts:134 [Auto-Matching] Availability created: {availabilityId: '18xuesuJqxQLs9vEMvkS', facilityCode: 'SPIX!DEVTEST', spotId: '2069', autoOffer: true, willAutoMatch: 'Yes - will automatically create offers for matching requests'}
ParkingRequestsScreen.tsx:696 [Auto-Matching] New offer detected: {offerId: 'pMQEe1BoQJfyWZ9EA54M', requestId: '4rw6EuvZ4ezWsTN5bs1m', spotId: '2069', offererId: 'y9lP3xULRBTEeCPCAcOjikxcC8z2', from: '2026-03-05T23:00:00.000Z', until: '2026-03-06T01:00:00.000Z', createdAt: '2026-03-05T19:19:01.080Z', timeSinceCreation: '12s', likelyAutoMatch: false}
ParkingRequestsScreen.tsx:696 [Auto-Matching] New offer detected: {offerId: 'ueG5JWqseN5WZe2EBHgK', requestId: '4rw6EuvZ4ezWsTN5bs1m', spotId: '2069', offererId: 'y9lP3xULRBTEeCPCAcOjikxcC8z2', from: '2026-03-05T23:00:00.000Z', until: '2026-03-06T03:00:00.000Z', createdAt: '2026-03-05T19:16:11.141Z', timeSinceCreation: '182s', likelyAutoMatch: false}
ParkingRequestsScreen.tsx:696 [Auto-Matching] New offer detected: {offerId: '3ZcYymtSSaEWN233ZNLa', requestId: '4rw6EuvZ4ezWsTN5bs1m', spotId: '2069', offererId: 'y9lP3xULRBTEeCPCAcOjikxcC8z2', from: '2026-03-05T23:00:00.000Z', until: '2026-03-06T01:00:00.000Z', createdAt: '2026-03-05T19:15:30.083Z', timeSinceCreation: '223s', likelyAutoMatch: false}
AvailabilityCard.tsx:153 [AvailabilityCard] Angebote für Parkplatz 2069 {gesamt: 1, angezeigt: 1, storniert: 0, standby: 0, alle: Array(1)}
ParkingRequestsScreen.tsx:696 [Auto-Matching] New offer detected: {offerId: 'pMQEe1BoQJfyWZ9EA54M', requestId: '4rw6EuvZ4ezWsTN5bs1m', spotId: '2069', offererId: 'y9lP3xULRBTEeCPCAcOjikxcC8z2', from: '2026-03-05T23:00:00.000Z', until: '2026-03-06T01:00:00.000Z', createdAt: '2026-03-05T19:19:01.080Z', timeSinceCreation: '38s', likelyAutoMatch: false}
ParkingRequestsScreen.tsx:696 [Auto-Matching] New offer detected: {offerId: 'ueG5JWqseN5WZe2EBHgK', requestId: '4rw6EuvZ4ezWsTN5bs1m', spotId: '2069', offererId: 'y9lP3xULRBTEeCPCAcOjikxcC8z2', from: '2026-03-05T23:00:00.000Z', until: '2026-03-06T03:00:00.000Z', createdAt: '2026-03-05T19:16:11.141Z', timeSinceCreation: '208s', likelyAutoMatch: false}
ParkingRequestsScreen.tsx:696 [Auto-Matching] New offer detected: {offerId: '3ZcYymtSSaEWN233ZNLa', requestId: '4rw6EuvZ4ezWsTN5bs1m', spotId: '2069', offererId: 'y9lP3xULRBTEeCPCAcOjikxcC8z2', from: '2026-03-05T23:00:00.000Z', until: '2026-03-06T01:00:00.000Z', createdAt: '2026-03-05T19:15:30.083Z', timeSinceCreation: '249s', likelyAutoMatch: false}
ParkingRequestsScreen.tsx:696 [Auto-Matching] New offer detected: {offerId: 'pMQEe1BoQJfyWZ9EA54M', requestId: '4rw6EuvZ4ezWsTN5bs1m', spotId: '2069', offererId: 'y9lP3xULRBTEeCPCAcOjikxcC8z2', from: '2026-03-05T23:00:00.000Z', until: '2026-03-06T01:00:00.000Z', createdAt: '2026-03-05T19:19:01.080Z', timeSinceCreation: '38s', likelyAutoMatch: false}
ParkingRequestsScreen.tsx:696 [Auto-Matching] New offer detected: {offerId: 'ueG5JWqseN5WZe2EBHgK', requestId: '4rw6EuvZ4ezWsTN5bs1m', spotId: '2069', offererId: 'y9lP3xULRBTEeCPCAcOjikxcC8z2', from: '2026-03-05T23:00:00.000Z', until: '2026-03-06T03:00:00.000Z', createdAt: '2026-03-05T19:16:11.141Z', timeSinceCreation: '208s', likelyAutoMatch: false}
ParkingRequestsScreen.tsx:696 [Auto-Matching] New offer detected: {offerId: '3ZcYymtSSaEWN233ZNLa', requestId: '4rw6EuvZ4ezWsTN5bs1m', spotId: '2069', offererId: 'y9lP3xULRBTEeCPCAcOjikxcC8z2', from: '2026-03-05T23:00:00.000Z', until: '2026-03-06T01:00:00.000Z', createdAt: '2026-03-05T19:15:30.083Z', timeSinceCreation: '249s', likelyAutoMatch: false}
ParkingAvailabilityService.ts:88 [Auto-Matching] Creating availability: {facilityCode: 'SPIX!DEVTEST', spotId: '2069', from: '2026-03-05T19:00:00.000Z', until: '2026-03-06T01:00:00.000Z', isRecurring: false, recurrencePattern: undefined, autoOffer: true}
ParkingAvailabilityService.ts:134 [Auto-Matching] Availability created: {availabilityId: '9cza2xPA6YVVrRez99gf', facilityCode: 'SPIX!DEVTEST', spotId: '2069', autoOffer: true, willAutoMatch: 'Yes - will automatically create offers for matching requests'}
console.js:662 Encountered two children with the same key, `9cza2xPA6YVVrRez99gf`. Keys should be unique so that components maintain their identity across updates. Non-unique keys may cause children to be duplicated and/or omitted — the behavior is unsupported and could change in a future version. Error Stack:
    at anonymous (localhost:8081/src/screens/ParkingRequestsScreen.bundle//&platform=ios&dev=true&lazy=true&minify=false&inlineSourceMap=false&modulesOnly=true&runModule=true&sourcePaths=url-server&app=com.radisoglou.parkplatz&shallow=true:1116:55)
    at map (native)
    at ParkingRequestsScreen (localhost:8081/src/screens/ParkingRequestsScreen.bundle//&platform=ios&dev=true&lazy=true&minify=false&inlineSourceMap=false&modulesOnly=true&runModule=true&sourcePaths=url-server&app=com.radisoglou.parkplatz&shallow=true:1114:42)
    at App (localhost:8081/index.bundle//&platform=ios&dev=true&lazy=true&minify=false&inlineSourceMap=false&modulesOnly=false&runModule=true&excludeSource=true&sourcePaths=url-server&app=com.radisoglou.parkplatz:102006:51)
anonymous @ console.js:662
overrideMethod @ backend.js:17416
reactConsoleErrorHandler @ ExceptionsManager.js:184
anonymous @ setUpDeveloperTools.js:42
anonymous @ ReactFabric-dev.js:4493
runWithFiberInDEV @ ReactFabric-dev.js:700
warnOnInvalidKey @ ReactFabric-dev.js:4492
reconcileChildrenArray @ ReactFabric-dev.js:4559
reconcileChildFibersImpl @ ReactFabric-dev.js:4874
anonymous @ ReactFabric-dev.js:4979
reconcileChildren @ ReactFabric-dev.js:7743
beginWork @ ReactFabric-dev.js:9461
runWithFiberInDEV @ ReactFabric-dev.js:700
performUnitOfWork @ ReactFabric-dev.js:14134
workLoopSync @ ReactFabric-dev.js:13966
renderRootSync @ ReactFabric-dev.js:13947
performWorkOnRoot @ ReactFabric-dev.js:13087
performWorkOnRootViaSchedulerTask @ ReactFabric-dev.js:3673
ParkingRequestsScreen.tsx:696 [Auto-Matching] New offer detected: {offerId: 'oXsZXJ31H9VcjEJuWUgN', requestId: '4rw6EuvZ4ezWsTN5bs1m', spotId: '2069', offererId: 'y9lP3xULRBTEeCPCAcOjikxcC8z2', from: '2026-03-05T23:00:00.000Z', until: '2026-03-06T01:00:00.000Z', createdAt: '2026-03-05T19:19:47.495Z', timeSinceCreation: '0s', likelyAutoMatch: true}
ParkingRequestsScreen.tsx:696 [Auto-Matching] New offer detected: {offerId: 'pMQEe1BoQJfyWZ9EA54M', requestId: '4rw6EuvZ4ezWsTN5bs1m', spotId: '2069', offererId: 'y9lP3xULRBTEeCPCAcOjikxcC8z2', from: '2026-03-05T23:00:00.000Z', until: '2026-03-06T01:00:00.000Z', createdAt: '2026-03-05T19:19:01.080Z', timeSinceCreation: '47s', likelyAutoMatch: false}
ParkingRequestsScreen.tsx:696 [Auto-Matching] New offer detected: {offerId: 'ueG5JWqseN5WZe2EBHgK', requestId: '4rw6EuvZ4ezWsTN5bs1m', spotId: '2069', offererId: 'y9lP3xULRBTEeCPCAcOjikxcC8z2', from: '2026-03-05T23:00:00.000Z', until: '2026-03-06T03:00:00.000Z', createdAt: '2026-03-05T19:16:11.141Z', timeSinceCreation: '216s', likelyAutoMatch: false}
ParkingRequestsScreen.tsx:696 [Auto-Matching] New offer detected: {offerId: '3ZcYymtSSaEWN233ZNLa', requestId: '4rw6EuvZ4ezWsTN5bs1m', spotId: '2069', offererId: 'y9lP3xULRBTEeCPCAcOjikxcC8z2', from: '2026-03-05T23:00:00.000Z', until: '2026-03-06T01:00:00.000Z', createdAt: '2026-03-05T19:15:30.083Z', timeSinceCreation: '258s', likelyAutoMatch: false}
